// Vitest Snapshot v1, https://vitest.dev/guide/snapshot.html

exports[`parseFile snapshots > snapshots Identifiers.scala 1`] = `
{
  "chunks": [
    {
      "chunkKind": "class",
      "container": undefined,
      "contentHash": "93b03910ef938562",
      "endByte": 135,
      "language": "scala",
      "lineEnd": 7,
      "lineStart": 7,
      "name": "NodeId",
      "startByte": 84,
    },
    {
      "chunkKind": "class",
      "container": undefined,
      "contentHash": "367d1dcecdc55b4f",
      "endByte": 299,
      "language": "scala",
      "lineEnd": 11,
      "lineStart": 8,
      "name": "NodeId",
      "startByte": 136,
    },
    {
      "chunkKind": "function",
      "container": "NodeId",
      "contentHash": "651bc99aed4de8b2",
      "endByte": 226,
      "language": "scala",
      "lineEnd": 9,
      "lineStart": 9,
      "name": "encoder",
      "startByte": 154,
    },
    {
      "chunkKind": "function",
      "container": "NodeId",
      "contentHash": "3fb1fdd553d01200",
      "endByte": 297,
      "language": "scala",
      "lineEnd": 10,
      "lineStart": 10,
      "name": "decoder",
      "startByte": 229,
    },
    {
      "chunkKind": "class",
      "container": undefined,
      "contentHash": "2b6c54c1c4c30580",
      "endByte": 352,
      "language": "scala",
      "lineEnd": 13,
      "lineStart": 13,
      "name": "EdgeId",
      "startByte": 301,
    },
    {
      "chunkKind": "class",
      "container": undefined,
      "contentHash": "f9f1c6b8418c30d1",
      "endByte": 516,
      "language": "scala",
      "lineEnd": 17,
      "lineStart": 14,
      "name": "EdgeId",
      "startByte": 353,
    },
    {
      "chunkKind": "function",
      "container": "EdgeId",
      "contentHash": "5fed49c0d68e8331",
      "endByte": 443,
      "language": "scala",
      "lineEnd": 15,
      "lineStart": 15,
      "name": "encoder",
      "startByte": 371,
    },
    {
      "chunkKind": "function",
      "container": "EdgeId",
      "contentHash": "474b1dabed027cce",
      "endByte": 514,
      "language": "scala",
      "lineEnd": 16,
      "lineStart": 16,
      "name": "decoder",
      "startByte": 446,
    },
    {
      "chunkKind": "class",
      "container": undefined,
      "contentHash": "57a567f9f976b17d",
      "endByte": 570,
      "language": "scala",
      "lineEnd": 19,
      "lineStart": 19,
      "name": "PatchId",
      "startByte": 518,
    },
    {
      "chunkKind": "class",
      "container": undefined,
      "contentHash": "7a73c31b3eed31da",
      "endByte": 738,
      "language": "scala",
      "lineEnd": 23,
      "lineStart": 20,
      "name": "PatchId",
      "startByte": 571,
    },
    {
      "chunkKind": "function",
      "container": "PatchId",
      "contentHash": "8c770dd37c949073",
      "endByte": 663,
      "language": "scala",
      "lineEnd": 21,
      "lineStart": 21,
      "name": "encoder",
      "startByte": 590,
    },
    {
      "chunkKind": "function",
      "container": "PatchId",
      "contentHash": "20bb8d635f58176a",
      "endByte": 736,
      "language": "scala",
      "lineEnd": 22,
      "lineStart": 22,
      "name": "decoder",
      "startByte": 666,
    },
    {
      "chunkKind": "class",
      "container": undefined,
      "contentHash": "d68c470ad1b11435",
      "endByte": 792,
      "language": "scala",
      "lineEnd": 25,
      "lineStart": 25,
      "name": "ClaimId",
      "startByte": 740,
    },
    {
      "chunkKind": "class",
      "container": undefined,
      "contentHash": "85a61be88d64bf63",
      "endByte": 960,
      "language": "scala",
      "lineEnd": 29,
      "lineStart": 26,
      "name": "ClaimId",
      "startByte": 793,
    },
    {
      "chunkKind": "function",
      "container": "ClaimId",
      "contentHash": "4db1372b9a8944e3",
      "endByte": 885,
      "language": "scala",
      "lineEnd": 27,
      "lineStart": 27,
      "name": "encoder",
      "startByte": 812,
    },
    {
      "chunkKind": "function",
      "container": "ClaimId",
      "contentHash": "8d8ddbe595d64c23",
      "endByte": 958,
      "language": "scala",
      "lineEnd": 28,
      "lineStart": 28,
      "name": "decoder",
      "startByte": 888,
    },
    {
      "chunkKind": "class",
      "container": undefined,
      "contentHash": "5712a45ef1b12b31",
      "endByte": 1017,
      "language": "scala",
      "lineEnd": 31,
      "lineStart": 31,
      "name": "ConflictId",
      "startByte": 962,
    },
    {
      "chunkKind": "class",
      "container": undefined,
      "contentHash": "e9affa9a7356afa3",
      "endByte": 1197,
      "language": "scala",
      "lineEnd": 35,
      "lineStart": 32,
      "name": "ConflictId",
      "startByte": 1018,
    },
    {
      "chunkKind": "function",
      "container": "ConflictId",
      "contentHash": "c80e4f0c73ea6d1d",
      "endByte": 1116,
      "language": "scala",
      "lineEnd": 33,
      "lineStart": 33,
      "name": "encoder",
      "startByte": 1040,
    },
    {
      "chunkKind": "function",
      "container": "ConflictId",
      "contentHash": "ef72658fa91ff811",
      "endByte": 1195,
      "language": "scala",
      "lineEnd": 34,
      "lineStart": 34,
      "name": "decoder",
      "startByte": 1119,
    },
    {
      "chunkKind": "class",
      "container": undefined,
      "contentHash": "9621ad4828529d2a",
      "endByte": 1247,
      "language": "scala",
      "lineEnd": 37,
      "lineStart": 37,
      "name": "Rev",
      "startByte": 1199,
    },
    {
      "chunkKind": "class",
      "container": undefined,
      "contentHash": "27996787914bcd1d",
      "endByte": 1399,
      "language": "scala",
      "lineEnd": 41,
      "lineStart": 38,
      "name": "Rev",
      "startByte": 1248,
    },
    {
      "chunkKind": "function",
      "container": "Rev",
      "contentHash": "92ad4d9a4dca16f0",
      "endByte": 1332,
      "language": "scala",
      "lineEnd": 39,
      "lineStart": 39,
      "name": "encoder",
      "startByte": 1263,
    },
    {
      "chunkKind": "function",
      "container": "Rev",
      "contentHash": "20c75169352560a4",
      "endByte": 1397,
      "language": "scala",
      "lineEnd": 40,
      "lineStart": 40,
      "name": "decoder",
      "startByte": 1335,
    },
  ],
  "entities": [
    {
      "kind": "file",
      "language": "scala",
      "lineEnd": 42,
      "lineStart": 1,
      "name": "Identifiers.scala",
    },
    {
      "container": undefined,
      "kind": "class",
      "language": "scala",
      "lineEnd": 7,
      "lineStart": 7,
      "name": "NodeId",
    },
    {
      "container": undefined,
      "kind": "class",
      "language": "scala",
      "lineEnd": 11,
      "lineStart": 8,
      "name": "NodeId",
    },
    {
      "container": "NodeId",
      "kind": "function",
      "language": "scala",
      "lineEnd": 9,
      "lineStart": 9,
      "name": "encoder",
    },
    {
      "container": "NodeId",
      "kind": "function",
      "language": "scala",
      "lineEnd": 10,
      "lineStart": 10,
      "name": "decoder",
    },
    {
      "container": undefined,
      "kind": "class",
      "language": "scala",
      "lineEnd": 13,
      "lineStart": 13,
      "name": "EdgeId",
    },
    {
      "container": undefined,
      "kind": "class",
      "language": "scala",
      "lineEnd": 17,
      "lineStart": 14,
      "name": "EdgeId",
    },
    {
      "container": "EdgeId",
      "kind": "function",
      "language": "scala",
      "lineEnd": 15,
      "lineStart": 15,
      "name": "encoder",
    },
    {
      "container": "EdgeId",
      "kind": "function",
      "language": "scala",
      "lineEnd": 16,
      "lineStart": 16,
      "name": "decoder",
    },
    {
      "container": undefined,
      "kind": "class",
      "language": "scala",
      "lineEnd": 19,
      "lineStart": 19,
      "name": "PatchId",
    },
    {
      "container": undefined,
      "kind": "class",
      "language": "scala",
      "lineEnd": 23,
      "lineStart": 20,
      "name": "PatchId",
    },
    {
      "container": "PatchId",
      "kind": "function",
      "language": "scala",
      "lineEnd": 21,
      "lineStart": 21,
      "name": "encoder",
    },
    {
      "container": "PatchId",
      "kind": "function",
      "language": "scala",
      "lineEnd": 22,
      "lineStart": 22,
      "name": "decoder",
    },
    {
      "container": undefined,
      "kind": "class",
      "language": "scala",
      "lineEnd": 25,
      "lineStart": 25,
      "name": "ClaimId",
    },
    {
      "container": undefined,
      "kind": "class",
      "language": "scala",
      "lineEnd": 29,
      "lineStart": 26,
      "name": "ClaimId",
    },
    {
      "container": "ClaimId",
      "kind": "function",
      "language": "scala",
      "lineEnd": 27,
      "lineStart": 27,
      "name": "encoder",
    },
    {
      "container": "ClaimId",
      "kind": "function",
      "language": "scala",
      "lineEnd": 28,
      "lineStart": 28,
      "name": "decoder",
    },
    {
      "container": undefined,
      "kind": "class",
      "language": "scala",
      "lineEnd": 31,
      "lineStart": 31,
      "name": "ConflictId",
    },
    {
      "container": undefined,
      "kind": "class",
      "language": "scala",
      "lineEnd": 35,
      "lineStart": 32,
      "name": "ConflictId",
    },
    {
      "container": "ConflictId",
      "kind": "function",
      "language": "scala",
      "lineEnd": 33,
      "lineStart": 33,
      "name": "encoder",
    },
    {
      "container": "ConflictId",
      "kind": "function",
      "language": "scala",
      "lineEnd": 34,
      "lineStart": 34,
      "name": "decoder",
    },
    {
      "container": undefined,
      "kind": "class",
      "language": "scala",
      "lineEnd": 37,
      "lineStart": 37,
      "name": "Rev",
    },
    {
      "container": undefined,
      "kind": "class",
      "language": "scala",
      "lineEnd": 41,
      "lineStart": 38,
      "name": "Rev",
    },
    {
      "container": "Rev",
      "kind": "function",
      "language": "scala",
      "lineEnd": 39,
      "lineStart": 39,
      "name": "encoder",
    },
    {
      "container": "Rev",
      "kind": "function",
      "language": "scala",
      "lineEnd": 40,
      "lineStart": 40,
      "name": "decoder",
    },
    {
      "kind": "module",
      "language": "scala",
      "lineEnd": 3,
      "lineStart": 3,
      "name": "java.util.UUID",
    },
    {
      "kind": "module",
      "language": "scala",
      "lineEnd": 5,
      "lineStart": 5,
      "name": "io.circe.Decoder",
    },
    {
      "kind": "module",
      "language": "scala",
      "lineEnd": 5,
      "lineStart": 5,
      "name": "io.circe.Encoder",
    },
  ],
  "filePath": "memory-layer/src/main/scala/ix/memory/model/Identifiers.scala",
  "fileRole": {
    "role": "production",
    "role_confidence": 0.5,
    "role_signals": [],
  },
  "language": "scala",
  "relationships": [
    {
      "dstName": "NodeId",
      "predicate": "CONTAINS",
      "srcName": "Identifiers.scala",
    },
    {
      "dstName": "AnyVal",
      "predicate": "EXTENDS",
      "srcName": "NodeId",
    },
    {
      "dstName": "NodeId",
      "predicate": "CONTAINS",
      "srcName": "Identifiers.scala",
    },
    {
      "dstName": "encoder",
      "predicate": "CONTAINS",
      "srcName": "NodeId",
    },
    {
      "dstName": "decoder",
      "predicate": "CONTAINS",
      "srcName": "NodeId",
    },
    {
      "dstName": "EdgeId",
      "predicate": "CONTAINS",
      "srcName": "Identifiers.scala",
    },
    {
      "dstName": "AnyVal",
      "predicate": "EXTENDS",
      "srcName": "EdgeId",
    },
    {
      "dstName": "EdgeId",
      "predicate": "CONTAINS",
      "srcName": "Identifiers.scala",
    },
    {
      "dstName": "encoder",
      "predicate": "CONTAINS",
      "srcName": "EdgeId",
    },
    {
      "dstName": "decoder",
      "predicate": "CONTAINS",
      "srcName": "EdgeId",
    },
    {
      "dstName": "PatchId",
      "predicate": "CONTAINS",
      "srcName": "Identifiers.scala",
    },
    {
      "dstName": "AnyVal",
      "predicate": "EXTENDS",
      "srcName": "PatchId",
    },
    {
      "dstName": "PatchId",
      "predicate": "CONTAINS",
      "srcName": "Identifiers.scala",
    },
    {
      "dstName": "encoder",
      "predicate": "CONTAINS",
      "srcName": "PatchId",
    },
    {
      "dstName": "decoder",
      "predicate": "CONTAINS",
      "srcName": "PatchId",
    },
    {
      "dstName": "ClaimId",
      "predicate": "CONTAINS",
      "srcName": "Identifiers.scala",
    },
    {
      "dstName": "AnyVal",
      "predicate": "EXTENDS",
      "srcName": "ClaimId",
    },
    {
      "dstName": "ClaimId",
      "predicate": "CONTAINS",
      "srcName": "Identifiers.scala",
    },
    {
      "dstName": "encoder",
      "predicate": "CONTAINS",
      "srcName": "ClaimId",
    },
    {
      "dstName": "decoder",
      "predicate": "CONTAINS",
      "srcName": "ClaimId",
    },
    {
      "dstName": "ConflictId",
      "predicate": "CONTAINS",
      "srcName": "Identifiers.scala",
    },
    {
      "dstName": "AnyVal",
      "predicate": "EXTENDS",
      "srcName": "ConflictId",
    },
    {
      "dstName": "ConflictId",
      "predicate": "CONTAINS",
      "srcName": "Identifiers.scala",
    },
    {
      "dstName": "encoder",
      "predicate": "CONTAINS",
      "srcName": "ConflictId",
    },
    {
      "dstName": "decoder",
      "predicate": "CONTAINS",
      "srcName": "ConflictId",
    },
    {
      "dstName": "Rev",
      "predicate": "CONTAINS",
      "srcName": "Identifiers.scala",
    },
    {
      "dstName": "AnyVal",
      "predicate": "EXTENDS",
      "srcName": "Rev",
    },
    {
      "dstName": "Rev",
      "predicate": "CONTAINS",
      "srcName": "Identifiers.scala",
    },
    {
      "dstName": "encoder",
      "predicate": "CONTAINS",
      "srcName": "Rev",
    },
    {
      "dstName": "decoder",
      "predicate": "CONTAINS",
      "srcName": "Rev",
    },
    {
      "dstName": "java.util.UUID",
      "predicate": "IMPORTS",
      "srcName": "Identifiers.scala",
    },
    {
      "dstName": "io.circe.Decoder",
      "predicate": "IMPORTS",
      "srcName": "Identifiers.scala",
    },
    {
      "dstName": "io.circe.Encoder",
      "predicate": "IMPORTS",
      "srcName": "Identifiers.scala",
    },
    {
      "dstName": "UUID",
      "predicate": "REFERENCES",
      "srcName": "NodeId",
    },
    {
      "dstName": "NodeId",
      "predicate": "REFERENCES",
      "srcName": "Identifiers.scala",
    },
    {
      "dstName": "contramap",
      "predicate": "CALLS",
      "srcName": "NodeId.encoder",
    },
    {
      "dstName": "map",
      "predicate": "CALLS",
      "srcName": "NodeId.decoder",
    },
    {
      "dstName": "NodeId",
      "predicate": "CALLS",
      "srcName": "NodeId.decoder",
    },
    {
      "dstName": "UUID",
      "predicate": "REFERENCES",
      "srcName": "EdgeId",
    },
    {
      "dstName": "EdgeId",
      "predicate": "REFERENCES",
      "srcName": "Identifiers.scala",
    },
    {
      "dstName": "contramap",
      "predicate": "CALLS",
      "srcName": "EdgeId.encoder",
    },
    {
      "dstName": "map",
      "predicate": "CALLS",
      "srcName": "EdgeId.decoder",
    },
    {
      "dstName": "EdgeId",
      "predicate": "CALLS",
      "srcName": "EdgeId.decoder",
    },
    {
      "dstName": "UUID",
      "predicate": "REFERENCES",
      "srcName": "PatchId",
    },
    {
      "dstName": "PatchId",
      "predicate": "REFERENCES",
      "srcName": "Identifiers.scala",
    },
    {
      "dstName": "contramap",
      "predicate": "CALLS",
      "srcName": "PatchId.encoder",
    },
    {
      "dstName": "map",
      "predicate": "CALLS",
      "srcName": "PatchId.decoder",
    },
    {
      "dstName": "PatchId",
      "predicate": "CALLS",
      "srcName": "PatchId.decoder",
    },
    {
      "dstName": "UUID",
      "predicate": "REFERENCES",
      "srcName": "ClaimId",
    },
    {
      "dstName": "ClaimId",
      "predicate": "REFERENCES",
      "srcName": "Identifiers.scala",
    },
    {
      "dstName": "contramap",
      "predicate": "CALLS",
      "srcName": "ClaimId.encoder",
    },
    {
      "dstName": "map",
      "predicate": "CALLS",
      "srcName": "ClaimId.decoder",
    },
    {
      "dstName": "ClaimId",
      "predicate": "CALLS",
      "srcName": "ClaimId.decoder",
    },
    {
      "dstName": "UUID",
      "predicate": "REFERENCES",
      "srcName": "ConflictId",
    },
    {
      "dstName": "ConflictId",
      "predicate": "REFERENCES",
      "srcName": "Identifiers.scala",
    },
    {
      "dstName": "contramap",
      "predicate": "CALLS",
      "srcName": "ConflictId.encoder",
    },
    {
      "dstName": "map",
      "predicate": "CALLS",
      "srcName": "ConflictId.decoder",
    },
    {
      "dstName": "ConflictId",
      "predicate": "CALLS",
      "srcName": "ConflictId.decoder",
    },
    {
      "dstName": "Rev",
      "predicate": "REFERENCES",
      "srcName": "Identifiers.scala",
    },
    {
      "dstName": "contramap",
      "predicate": "CALLS",
      "srcName": "Rev.encoder",
    },
    {
      "dstName": "map",
      "predicate": "CALLS",
      "srcName": "Rev.decoder",
    },
    {
      "dstName": "Rev",
      "predicate": "CALLS",
      "srcName": "Rev.decoder",
    },
  ],
}
`;

exports[`parseFile snapshots > snapshots Node.scala 1`] = `
{
  "chunks": [
    {
      "chunkKind": "interface",
      "container": undefined,
      "contentHash": "2c3602b7735b0980",
      "endByte": 178,
      "language": "scala",
      "lineEnd": 8,
      "lineStart": 8,
      "name": "NodeKind",
      "startByte": 157,
    },
    {
      "chunkKind": "class",
      "container": undefined,
      "contentHash": "30951d9e6d654371",
      "endByte": 2795,
      "language": "scala",
      "lineEnd": 86,
      "lineStart": 9,
      "name": "NodeKind",
      "startByte": 179,
    },
    {
      "chunkKind": "class",
      "container": "NodeKind",
      "contentHash": "ce581acd57c5e51f",
      "endByte": 239,
      "language": "scala",
      "lineEnd": 10,
      "lineStart": 10,
      "name": "Module",
      "startByte": 199,
    },
    {
      "chunkKind": "class",
      "container": "NodeKind",
      "contentHash": "3894e0f29e12a950",
      "endByte": 282,
      "language": "scala",
      "lineEnd": 11,
      "lineStart": 11,
      "name": "File",
      "startByte": 242,
    },
    {
      "chunkKind": "class",
      "container": "NodeKind",
      "contentHash": "4dcb85c557b0aedd",
      "endByte": 325,
      "language": "scala",
      "lineEnd": 12,
      "lineStart": 12,
      "name": "Class",
      "startByte": 285,
    },
    {
      "chunkKind": "class",
      "container": "NodeKind",
      "contentHash": "03a112c9600de2f0",
      "endByte": 368,
      "language": "scala",
      "lineEnd": 13,
      "lineStart": 13,
      "name": "Function",
      "startByte": 328,
    },
    {
      "chunkKind": "class",
      "container": "NodeKind",
      "contentHash": "1fdadba11c42a39b",
      "endByte": 411,
      "language": "scala",
      "lineEnd": 14,
      "lineStart": 14,
      "name": "Variable",
      "startByte": 371,
    },
    {
      "chunkKind": "class",
      "container": "NodeKind",
      "contentHash": "5f274fd3f508d85b",
      "endByte": 454,
      "language": "scala",
      "lineEnd": 15,
      "lineStart": 15,
      "name": "Config",
      "startByte": 414,
    },
    {
      "chunkKind": "class",
      "container": "NodeKind",
      "contentHash": "af4c6b74ee8dfdec",
      "endByte": 497,
      "language": "scala",
      "lineEnd": 16,
      "lineStart": 16,
      "name": "ConfigEntry",
      "startByte": 457,
    },
    {
      "chunkKind": "class",
      "container": "NodeKind",
      "contentHash": "7ad9b2042370126a",
      "endByte": 540,
      "language": "scala",
      "lineEnd": 17,
      "lineStart": 17,
      "name": "Service",
      "startByte": 500,
    },
    {
      "chunkKind": "class",
      "container": "NodeKind",
      "contentHash": "3243234db79f279f",
      "endByte": 583,
      "language": "scala",
      "lineEnd": 18,
      "lineStart": 18,
      "name": "Endpoint",
      "startByte": 543,
    },
    {
      "chunkKind": "class",
      "container": "NodeKind",
      "contentHash": "fe900f1a33179972",
      "endByte": 626,
      "language": "scala",
      "lineEnd": 19,
      "lineStart": 19,
      "name": "Intent",
      "startByte": 586,
    },
    {
      "chunkKind": "class",
      "container": "NodeKind",
      "contentHash": "cabcf7bc0b832502",
      "endByte": 669,
      "language": "scala",
      "lineEnd": 20,
      "lineStart": 20,
      "name": "Decision",
      "startByte": 629,
    },
    {
      "chunkKind": "class",
      "container": "NodeKind",
      "contentHash": "692a1d329f150cb6",
      "endByte": 712,
      "language": "scala",
      "lineEnd": 21,
      "lineStart": 21,
      "name": "Doc",
      "startByte": 672,
    },
    {
      "chunkKind": "class",
      "container": "NodeKind",
      "contentHash": "b489d197b9c326f5",
      "endByte": 755,
      "language": "scala",
      "lineEnd": 22,
      "lineStart": 22,
      "name": "Object",
      "startByte": 715,
    },
    {
      "chunkKind": "class",
      "container": "NodeKind",
      "contentHash": "93680e321b988261",
      "endByte": 799,
      "language": "scala",
      "lineEnd": 23,
      "lineStart": 23,
      "name": "Trait",
      "startByte": 758,
    },
    {
      "chunkKind": "class",
      "container": "NodeKind",
      "contentHash": "83534a6ebc0a194d",
      "endByte": 842,
      "language": "scala",
      "lineEnd": 24,
      "lineStart": 24,
      "name": "Interface",
      "startByte": 802,
    },
    {
      "chunkKind": "class",
      "container": "NodeKind",
      "contentHash": "fcbb1b54fb1ed49c",
      "endByte": 885,
      "language": "scala",
      "lineEnd": 25,
      "lineStart": 25,
      "name": "Method",
      "startByte": 845,
    },
    {
      "chunkKind": "class",
      "container": "NodeKind",
      "contentHash": "601c3245bb280851",
      "endByte": 928,
      "language": "scala",
      "lineEnd": 26,
      "lineStart": 26,
      "name": "Plan",
      "startByte": 888,
    },
    {
      "chunkKind": "class",
      "container": "NodeKind",
      "contentHash": "f4bb8655a119081f",
      "endByte": 971,
      "language": "scala",
      "lineEnd": 27,
      "lineStart": 27,
      "name": "Task",
      "startByte": 931,
    },
    {
      "chunkKind": "class",
      "container": "NodeKind",
      "contentHash": "9747366229c0bfdd",
      "endByte": 1014,
      "language": "scala",
      "lineEnd": 28,
      "lineStart": 28,
      "name": "Bug",
      "startByte": 974,
    },
    {
      "chunkKind": "class",
      "container": "NodeKind",
      "contentHash": "7ef46a010eea53b9",
      "endByte": 1057,
      "language": "scala",
      "lineEnd": 29,
      "lineStart": 29,
      "name": "Goal",
      "startByte": 1017,
    },
    {
      "chunkKind": "class",
      "container": "NodeKind",
      "contentHash": "b5d008578681570b",
      "endByte": 1100,
      "language": "scala",
      "lineEnd": 30,
      "lineStart": 30,
      "name": "Region",
      "startByte": 1060,
    },
    {
      "chunkKind": "class",
      "container": "NodeKind",
      "contentHash": "f9150e0d644649d1",
      "endByte": 1143,
      "language": "scala",
      "lineEnd": 31,
      "lineStart": 31,
      "name": "Chunk",
      "startByte": 1103,
    },
    {
      "chunkKind": "function",
      "container": "NodeKind",
      "contentHash": "95329b6c5c6903c8",
      "endByte": 1859,
      "language": "scala",
      "lineEnd": 56,
      "lineStart": 33,
      "name": "nameMap",
      "startByte": 1147,
    },
    {
      "chunkKind": "function",
      "container": "NodeKind",
      "contentHash": "bf89078ccc0d7613",
      "endByte": 2664,
      "language": "scala",
      "lineEnd": 81,
      "lineStart": 58,
      "name": "encoder",
      "startByte": 1863,
    },
    {
      "chunkKind": "function",
      "container": "NodeKind",
      "contentHash": "b8f70f2c26f8f73e",
      "endByte": 2793,
      "language": "scala",
      "lineEnd": 85,
      "lineStart": 83,
      "name": "decoder",
      "startByte": 2668,
    },
    {
      "chunkKind": "class",
      "container": undefined,
      "contentHash": "ce7365acee3c48bb",
      "endByte": 3031,
      "language": "scala",
      "lineEnd": 98,
      "lineStart": 88,
      "name": "GraphNode",
      "startByte": 2797,
    },
    {
      "chunkKind": "class",
      "container": undefined,
      "contentHash": "a046c9fd1d01daa9",
      "endByte": 3247,
      "language": "scala",
      "lineEnd": 105,
      "lineStart": 100,
      "name": "GraphNode",
      "startByte": 3033,
    },
    {
      "chunkKind": "function",
      "container": "GraphNode",
      "contentHash": "8614f0d5d5f8950b",
      "endByte": 3175,
      "language": "scala",
      "lineEnd": 103,
      "lineStart": 103,
      "name": "encoder",
      "startByte": 3108,
    },
    {
      "chunkKind": "function",
      "container": "GraphNode",
      "contentHash": "4b9bc3a1d304ef20",
      "endByte": 3245,
      "language": "scala",
      "lineEnd": 104,
      "lineStart": 104,
      "name": "decoder",
      "startByte": 3178,
    },
  ],
  "entities": [
    {
      "kind": "file",
      "language": "scala",
      "lineEnd": 106,
      "lineStart": 1,
      "name": "Node.scala",
    },
    {
      "container": undefined,
      "kind": "interface",
      "language": "scala",
      "lineEnd": 8,
      "lineStart": 8,
      "name": "NodeKind",
    },
    {
      "container": undefined,
      "kind": "class",
      "language": "scala",
      "lineEnd": 86,
      "lineStart": 9,
      "name": "NodeKind",
    },
    {
      "container": "NodeKind",
      "kind": "class",
      "language": "scala",
      "lineEnd": 10,
      "lineStart": 10,
      "name": "Module",
    },
    {
      "container": "NodeKind",
      "kind": "class",
      "language": "scala",
      "lineEnd": 11,
      "lineStart": 11,
      "name": "File",
    },
    {
      "container": "NodeKind",
      "kind": "class",
      "language": "scala",
      "lineEnd": 12,
      "lineStart": 12,
      "name": "Class",
    },
    {
      "container": "NodeKind",
      "kind": "class",
      "language": "scala",
      "lineEnd": 13,
      "lineStart": 13,
      "name": "Function",
    },
    {
      "container": "NodeKind",
      "kind": "class",
      "language": "scala",
      "lineEnd": 14,
      "lineStart": 14,
      "name": "Variable",
    },
    {
      "container": "NodeKind",
      "kind": "class",
      "language": "scala",
      "lineEnd": 15,
      "lineStart": 15,
      "name": "Config",
    },
    {
      "container": "NodeKind",
      "kind": "class",
      "language": "scala",
      "lineEnd": 16,
      "lineStart": 16,
      "name": "ConfigEntry",
    },
    {
      "container": "NodeKind",
      "kind": "class",
      "language": "scala",
      "lineEnd": 17,
      "lineStart": 17,
      "name": "Service",
    },
    {
      "container": "NodeKind",
      "kind": "class",
      "language": "scala",
      "lineEnd": 18,
      "lineStart": 18,
      "name": "Endpoint",
    },
    {
      "container": "NodeKind",
      "kind": "class",
      "language": "scala",
      "lineEnd": 19,
      "lineStart": 19,
      "name": "Intent",
    },
    {
      "container": "NodeKind",
      "kind": "class",
      "language": "scala",
      "lineEnd": 20,
      "lineStart": 20,
      "name": "Decision",
    },
    {
      "container": "NodeKind",
      "kind": "class",
      "language": "scala",
      "lineEnd": 21,
      "lineStart": 21,
      "name": "Doc",
    },
    {
      "container": "NodeKind",
      "kind": "class",
      "language": "scala",
      "lineEnd": 22,
      "lineStart": 22,
      "name": "Object",
    },
    {
      "container": "NodeKind",
      "kind": "class",
      "language": "scala",
      "lineEnd": 23,
      "lineStart": 23,
      "name": "Trait",
    },
    {
      "container": "NodeKind",
      "kind": "class",
      "language": "scala",
      "lineEnd": 24,
      "lineStart": 24,
      "name": "Interface",
    },
    {
      "container": "NodeKind",
      "kind": "class",
      "language": "scala",
      "lineEnd": 25,
      "lineStart": 25,
      "name": "Method",
    },
    {
      "container": "NodeKind",
      "kind": "class",
      "language": "scala",
      "lineEnd": 26,
      "lineStart": 26,
      "name": "Plan",
    },
    {
      "container": "NodeKind",
      "kind": "class",
      "language": "scala",
      "lineEnd": 27,
      "lineStart": 27,
      "name": "Task",
    },
    {
      "container": "NodeKind",
      "kind": "class",
      "language": "scala",
      "lineEnd": 28,
      "lineStart": 28,
      "name": "Bug",
    },
    {
      "container": "NodeKind",
      "kind": "class",
      "language": "scala",
      "lineEnd": 29,
      "lineStart": 29,
      "name": "Goal",
    },
    {
      "container": "NodeKind",
      "kind": "class",
      "language": "scala",
      "lineEnd": 30,
      "lineStart": 30,
      "name": "Region",
    },
    {
      "container": "NodeKind",
      "kind": "class",
      "language": "scala",
      "lineEnd": 31,
      "lineStart": 31,
      "name": "Chunk",
    },
    {
      "container": "NodeKind",
      "kind": "function",
      "language": "scala",
      "lineEnd": 56,
      "lineStart": 33,
      "name": "nameMap",
    },
    {
      "container": "NodeKind",
      "kind": "function",
      "language": "scala",
      "lineEnd": 81,
      "lineStart": 58,
      "name": "encoder",
    },
    {
      "container": "NodeKind",
      "kind": "function",
      "language": "scala",
      "lineEnd": 85,
      "lineStart": 83,
      "name": "decoder",
    },
    {
      "container": undefined,
      "kind": "class",
      "language": "scala",
      "lineEnd": 98,
      "lineStart": 88,
      "name": "GraphNode",
    },
    {
      "container": undefined,
      "kind": "class",
      "language": "scala",
      "lineEnd": 105,
      "lineStart": 100,
      "name": "GraphNode",
    },
    {
      "container": "GraphNode",
      "kind": "function",
      "language": "scala",
      "lineEnd": 103,
      "lineStart": 103,
      "name": "encoder",
    },
    {
      "container": "GraphNode",
      "kind": "function",
      "language": "scala",
      "lineEnd": 104,
      "lineStart": 104,
      "name": "decoder",
    },
    {
      "kind": "module",
      "language": "scala",
      "lineEnd": 3,
      "lineStart": 3,
      "name": "java.time.Instant",
    },
    {
      "kind": "module",
      "language": "scala",
      "lineEnd": 5,
      "lineStart": 5,
      "name": "io.circe.Decoder",
    },
    {
      "kind": "module",
      "language": "scala",
      "lineEnd": 5,
      "lineStart": 5,
      "name": "io.circe.Encoder",
    },
    {
      "kind": "module",
      "language": "scala",
      "lineEnd": 5,
      "lineStart": 5,
      "name": "io.circe.Json",
    },
    {
      "kind": "module",
      "language": "scala",
      "lineEnd": 6,
      "lineStart": 6,
      "name": "io.circe.generic.semiauto.deriveDecoder",
    },
    {
      "kind": "module",
      "language": "scala",
      "lineEnd": 6,
      "lineStart": 6,
      "name": "io.circe.generic.semiauto.deriveEncoder",
    },
    {
      "kind": "module",
      "language": "scala",
      "lineEnd": 101,
      "lineStart": 101,
      "name": "Provenance.instantEncoder",
    },
    {
      "kind": "module",
      "language": "scala",
      "lineEnd": 101,
      "lineStart": 101,
      "name": "Provenance.instantDecoder",
    },
  ],
  "filePath": "memory-layer/src/main/scala/ix/memory/model/Node.scala",
  "fileRole": {
    "role": "production",
    "role_confidence": 0.5,
    "role_signals": [],
  },
  "language": "scala",
  "relationships": [
    {
      "dstName": "NodeKind",
      "predicate": "CONTAINS",
      "srcName": "Node.scala",
    },
    {
      "dstName": "NodeKind",
      "predicate": "CONTAINS",
      "srcName": "Node.scala",
    },
    {
      "dstName": "Module",
      "predicate": "CONTAINS",
      "srcName": "NodeKind",
    },
    {
      "dstName": "NodeKind",
      "predicate": "EXTENDS",
      "srcName": "Module",
    },
    {
      "dstName": "File",
      "predicate": "CONTAINS",
      "srcName": "NodeKind",
    },
    {
      "dstName": "NodeKind",
      "predicate": "EXTENDS",
      "srcName": "File",
    },
    {
      "dstName": "Class",
      "predicate": "CONTAINS",
      "srcName": "NodeKind",
    },
    {
      "dstName": "NodeKind",
      "predicate": "EXTENDS",
      "srcName": "Class",
    },
    {
      "dstName": "Function",
      "predicate": "CONTAINS",
      "srcName": "NodeKind",
    },
    {
      "dstName": "NodeKind",
      "predicate": "EXTENDS",
      "srcName": "Function",
    },
    {
      "dstName": "Variable",
      "predicate": "CONTAINS",
      "srcName": "NodeKind",
    },
    {
      "dstName": "NodeKind",
      "predicate": "EXTENDS",
      "srcName": "Variable",
    },
    {
      "dstName": "Config",
      "predicate": "CONTAINS",
      "srcName": "NodeKind",
    },
    {
      "dstName": "NodeKind",
      "predicate": "EXTENDS",
      "srcName": "Config",
    },
    {
      "dstName": "ConfigEntry",
      "predicate": "CONTAINS",
      "srcName": "NodeKind",
    },
    {
      "dstName": "NodeKind",
      "predicate": "EXTENDS",
      "srcName": "ConfigEntry",
    },
    {
      "dstName": "Service",
      "predicate": "CONTAINS",
      "srcName": "NodeKind",
    },
    {
      "dstName": "NodeKind",
      "predicate": "EXTENDS",
      "srcName": "Service",
    },
    {
      "dstName": "Endpoint",
      "predicate": "CONTAINS",
      "srcName": "NodeKind",
    },
    {
      "dstName": "NodeKind",
      "predicate": "EXTENDS",
      "srcName": "Endpoint",
    },
    {
      "dstName": "Intent",
      "predicate": "CONTAINS",
      "srcName": "NodeKind",
    },
    {
      "dstName": "NodeKind",
      "predicate": "EXTENDS",
      "srcName": "Intent",
    },
    {
      "dstName": "Decision",
      "predicate": "CONTAINS",
      "srcName": "NodeKind",
    },
    {
      "dstName": "NodeKind",
      "predicate": "EXTENDS",
      "srcName": "Decision",
    },
    {
      "dstName": "Doc",
      "predicate": "CONTAINS",
      "srcName": "NodeKind",
    },
    {
      "dstName": "NodeKind",
      "predicate": "EXTENDS",
      "srcName": "Doc",
    },
    {
      "dstName": "Object",
      "predicate": "CONTAINS",
      "srcName": "NodeKind",
    },
    {
      "dstName": "NodeKind",
      "predicate": "EXTENDS",
      "srcName": "Object",
    },
    {
      "dstName": "Trait",
      "predicate": "CONTAINS",
      "srcName": "NodeKind",
    },
    {
      "dstName": "NodeKind",
      "predicate": "EXTENDS",
      "srcName": "Trait",
    },
    {
      "dstName": "Interface",
      "predicate": "CONTAINS",
      "srcName": "NodeKind",
    },
    {
      "dstName": "NodeKind",
      "predicate": "EXTENDS",
      "srcName": "Interface",
    },
    {
      "dstName": "Method",
      "predicate": "CONTAINS",
      "srcName": "NodeKind",
    },
    {
      "dstName": "NodeKind",
      "predicate": "EXTENDS",
      "srcName": "Method",
    },
    {
      "dstName": "Plan",
      "predicate": "CONTAINS",
      "srcName": "NodeKind",
    },
    {
      "dstName": "NodeKind",
      "predicate": "EXTENDS",
      "srcName": "Plan",
    },
    {
      "dstName": "Task",
      "predicate": "CONTAINS",
      "srcName": "NodeKind",
    },
    {
      "dstName": "NodeKind",
      "predicate": "EXTENDS",
      "srcName": "Task",
    },
    {
      "dstName": "Bug",
      "predicate": "CONTAINS",
      "srcName": "NodeKind",
    },
    {
      "dstName": "NodeKind",
      "predicate": "EXTENDS",
      "srcName": "Bug",
    },
    {
      "dstName": "Goal",
      "predicate": "CONTAINS",
      "srcName": "NodeKind",
    },
    {
      "dstName": "NodeKind",
      "predicate": "EXTENDS",
      "srcName": "Goal",
    },
    {
      "dstName": "Region",
      "predicate": "CONTAINS",
      "srcName": "NodeKind",
    },
    {
      "dstName": "NodeKind",
      "predicate": "EXTENDS",
      "srcName": "Region",
    },
    {
      "dstName": "Chunk",
      "predicate": "CONTAINS",
      "srcName": "NodeKind",
    },
    {
      "dstName": "NodeKind",
      "predicate": "EXTENDS",
      "srcName": "Chunk",
    },
    {
      "dstName": "nameMap",
      "predicate": "CONTAINS",
      "srcName": "NodeKind",
    },
    {
      "dstName": "encoder",
      "predicate": "CONTAINS",
      "srcName": "NodeKind",
    },
    {
      "dstName": "decoder",
      "predicate": "CONTAINS",
      "srcName": "NodeKind",
    },
    {
      "dstName": "GraphNode",
      "predicate": "CONTAINS",
      "srcName": "Node.scala",
    },
    {
      "dstName": "GraphNode",
      "predicate": "CONTAINS",
      "srcName": "Node.scala",
    },
    {
      "dstName": "encoder",
      "predicate": "CONTAINS",
      "srcName": "GraphNode",
    },
    {
      "dstName": "decoder",
      "predicate": "CONTAINS",
      "srcName": "GraphNode",
    },
    {
      "dstName": "java.time.Instant",
      "predicate": "IMPORTS",
      "srcName": "Node.scala",
    },
    {
      "dstName": "io.circe.Decoder",
      "predicate": "IMPORTS",
      "srcName": "Node.scala",
    },
    {
      "dstName": "io.circe.Encoder",
      "predicate": "IMPORTS",
      "srcName": "Node.scala",
    },
    {
      "dstName": "io.circe.Json",
      "predicate": "IMPORTS",
      "srcName": "Node.scala",
    },
    {
      "dstName": "io.circe.generic.semiauto.deriveDecoder",
      "predicate": "IMPORTS",
      "srcName": "Node.scala",
    },
    {
      "dstName": "io.circe.generic.semiauto.deriveEncoder",
      "predicate": "IMPORTS",
      "srcName": "Node.scala",
    },
    {
      "dstName": "NodeKind",
      "predicate": "REFERENCES",
      "srcName": "Node.scala",
    },
    {
      "dstName": "Map",
      "predicate": "CALLS",
      "srcName": "NodeKind.nameMap",
    },
    {
      "dstName": "contramap",
      "predicate": "CALLS",
      "srcName": "NodeKind.encoder",
    },
    {
      "dstName": "emap",
      "predicate": "CALLS",
      "srcName": "NodeKind.decoder",
    },
    {
      "dstName": "get",
      "predicate": "CALLS",
      "srcName": "NodeKind.decoder",
    },
    {
      "dstName": "toRight",
      "predicate": "CALLS",
      "srcName": "NodeKind.decoder",
    },
    {
      "dstName": "NodeId",
      "predicate": "REFERENCES",
      "srcName": "GraphNode",
    },
    {
      "dstName": "NodeKind",
      "predicate": "REFERENCES",
      "srcName": "GraphNode",
    },
    {
      "dstName": "Json",
      "predicate": "REFERENCES",
      "srcName": "GraphNode",
    },
    {
      "dstName": "Provenance",
      "predicate": "REFERENCES",
      "srcName": "GraphNode",
    },
    {
      "dstName": "Rev",
      "predicate": "REFERENCES",
      "srcName": "GraphNode",
    },
    {
      "dstName": "Instant",
      "predicate": "REFERENCES",
      "srcName": "GraphNode",
    },
    {
      "dstName": "Provenance.instantEncoder",
      "predicate": "IMPORTS",
      "srcName": "Node.scala",
    },
    {
      "dstName": "Provenance.instantDecoder",
      "predicate": "IMPORTS",
      "srcName": "Node.scala",
    },
    {
      "dstName": "GraphNode",
      "predicate": "REFERENCES",
      "srcName": "Node.scala",
    },
  ],
}
`;

exports[`parseFile snapshots > snapshots doctor.ts 1`] = `
{
  "chunks": [
    {
      "chunkKind": "interface",
      "container": undefined,
      "contentHash": "2af0710a68e6f595",
      "endByte": 322,
      "language": "typescript",
      "lineEnd": 10,
      "lineStart": 7,
      "name": "Check",
      "startByte": 232,
    },
    {
      "chunkKind": "function",
      "container": undefined,
      "contentHash": "a80b54ecd0296c6e",
      "endByte": 3307,
      "language": "typescript",
      "lineEnd": 100,
      "lineStart": 12,
      "name": "registerDoctorCommand",
      "startByte": 331,
    },
  ],
  "entities": [
    {
      "kind": "file",
      "language": "typescript",
      "lineEnd": 101,
      "lineStart": 1,
      "name": "doctor.ts",
    },
    {
      "container": undefined,
      "kind": "interface",
      "language": "typescript",
      "lineEnd": 10,
      "lineStart": 7,
      "name": "Check",
    },
    {
      "container": undefined,
      "kind": "function",
      "language": "typescript",
      "lineEnd": 100,
      "lineStart": 12,
      "name": "registerDoctorCommand",
    },
    {
      "kind": "module",
      "language": "typescript",
      "lineEnd": 1,
      "lineStart": 1,
      "name": "commander",
    },
    {
      "kind": "module",
      "language": "typescript",
      "lineEnd": 2,
      "lineStart": 2,
      "name": "chalk",
    },
    {
      "kind": "module",
      "language": "typescript",
      "lineEnd": 3,
      "lineStart": 3,
      "name": "ui.js",
    },
    {
      "kind": "module",
      "language": "typescript",
      "lineEnd": 4,
      "lineStart": 4,
      "name": "api.js",
    },
    {
      "kind": "module",
      "language": "typescript",
      "lineEnd": 5,
      "lineStart": 5,
      "name": "config.js",
    },
  ],
  "filePath": "ix-cli/src/cli/commands/doctor.ts",
  "fileRole": {
    "role": "production",
    "role_confidence": 0.5,
    "role_signals": [],
  },
  "language": "typescript",
  "relationships": [
    {
      "dstName": "Check",
      "predicate": "CONTAINS",
      "srcName": "doctor.ts",
    },
    {
      "dstName": "registerDoctorCommand",
      "predicate": "CONTAINS",
      "srcName": "doctor.ts",
    },
    {
      "dstName": "commander",
      "predicate": "IMPORTS",
      "srcName": "doctor.ts",
    },
    {
      "dstName": "chalk",
      "predicate": "IMPORTS",
      "srcName": "doctor.ts",
    },
    {
      "dstName": "ui.js",
      "predicate": "IMPORTS",
      "srcName": "doctor.ts",
    },
    {
      "dstName": "api.js",
      "predicate": "IMPORTS",
      "srcName": "doctor.ts",
    },
    {
      "dstName": "config.js",
      "predicate": "IMPORTS",
      "srcName": "doctor.ts",
    },
    {
      "dstName": "Command",
      "predicate": "REFERENCES",
      "srcName": "doctor.ts",
    },
    {
      "dstName": "command",
      "predicate": "CALLS",
      "srcName": "registerDoctorCommand",
    },
    {
      "dstName": "description",
      "predicate": "CALLS",
      "srcName": "registerDoctorCommand",
    },
    {
      "dstName": "option",
      "predicate": "CALLS",
      "srcName": "registerDoctorCommand",
    },
    {
      "dstName": "action",
      "predicate": "CALLS",
      "srcName": "registerDoctorCommand",
    },
    {
      "dstName": "getEndpoint",
      "predicate": "CALLS",
      "srcName": "registerDoctorCommand",
    },
    {
      "dstName": "IxClient",
      "predicate": "CALLS",
      "srcName": "registerDoctorCommand",
    },
    {
      "dstName": "health",
      "predicate": "CALLS",
      "srcName": "registerDoctorCommand",
    },
    {
      "dstName": "stats",
      "predicate": "CALLS",
      "srcName": "registerDoctorCommand",
    },
    {
      "dstName": "conflicts",
      "predicate": "CALLS",
      "srcName": "registerDoctorCommand",
    },
    {
      "dstName": "isArray",
      "predicate": "CALLS",
      "srcName": "registerDoctorCommand",
    },
    {
      "dstName": "run",
      "predicate": "CALLS",
      "srcName": "registerDoctorCommand",
    },
    {
      "dstName": "push",
      "predicate": "CALLS",
      "srcName": "registerDoctorCommand",
    },
    {
      "dstName": "every",
      "predicate": "CALLS",
      "srcName": "registerDoctorCommand",
    },
    {
      "dstName": "stringify",
      "predicate": "CALLS",
      "srcName": "registerDoctorCommand",
    },
    {
      "dstName": "renderSection",
      "predicate": "CALLS",
      "srcName": "registerDoctorCommand",
    },
    {
      "dstName": "green",
      "predicate": "CALLS",
      "srcName": "registerDoctorCommand",
    },
    {
      "dstName": "red",
      "predicate": "CALLS",
      "srcName": "registerDoctorCommand",
    },
    {
      "dstName": "dim",
      "predicate": "CALLS",
      "srcName": "registerDoctorCommand",
    },
    {
      "dstName": "renderSuccess",
      "predicate": "CALLS",
      "srcName": "registerDoctorCommand",
    },
    {
      "dstName": "renderError",
      "predicate": "CALLS",
      "srcName": "registerDoctorCommand",
    },
  ],
}
`;
